Archive member included to satisfy reference by file (symbol)

c:/program files (x86)/gnu tools arm embedded/5.4 2016q3/bin/../lib/gcc/arm-none-eabi/5.4.1/armv7-m\libgcc.a(_arm_addsubdf3.o)
                              ..\obj\main.o (__aeabi_i2d)
c:/program files (x86)/gnu tools arm embedded/5.4 2016q3/bin/../lib/gcc/arm-none-eabi/5.4.1/armv7-m\libgcc.a(_arm_muldivdf3.o)
                              ..\obj\main.o (__aeabi_dmul)
c:/program files (x86)/gnu tools arm embedded/5.4 2016q3/bin/../lib/gcc/arm-none-eabi/5.4.1/armv7-m\libgcc.a(_arm_fixdfsi.o)
                              ..\obj\main.o (__aeabi_d2iz)
c:/program files (x86)/gnu tools arm embedded/5.4 2016q3/bin/../lib/gcc/arm-none-eabi/5.4.1/armv7-m\libgcc.a(_arm_addsubsf3.o)
                              ..\obj\radio.o (__aeabi_fsub)
c:/program files (x86)/gnu tools arm embedded/5.4 2016q3/bin/../lib/gcc/arm-none-eabi/5.4.1/armv7-m\libgcc.a(_arm_muldivsf3.o)
                              ..\obj\radio.o (__aeabi_fmul)
c:/program files (x86)/gnu tools arm embedded/5.4 2016q3/bin/../lib/gcc/arm-none-eabi/5.4.1/armv7-m\libgcc.a(_arm_cmpsf2.o)
                              ..\obj\radio.o (__aeabi_fcmpge)
c:/program files (x86)/gnu tools arm embedded/5.4 2016q3/bin/../lib/gcc/arm-none-eabi/5.4.1/armv7-m\libgcc.a(_arm_fixunssfsi.o)
                              ..\obj\radio.o (__aeabi_f2uiz)
c:/program files (x86)/gnu tools arm embedded/5.4 2016q3/bin/../lib/gcc/arm-none-eabi/5.4.1/armv7-m\libgcc.a(unwind-arm.o)
                              ..\obj\aprs.o (__aeabi_unwind_cpp_pr0)
c:/program files (x86)/gnu tools arm embedded/5.4 2016q3/bin/../lib/gcc/arm-none-eabi/5.4.1/armv7-m\libgcc.a(libunwind.o)
                              c:/program files (x86)/gnu tools arm embedded/5.4 2016q3/bin/../lib/gcc/arm-none-eabi/5.4.1/armv7-m\libgcc.a(unwind-arm.o) (restore_core_regs)
c:/program files (x86)/gnu tools arm embedded/5.4 2016q3/bin/../lib/gcc/arm-none-eabi/5.4.1/armv7-m\libgcc.a(pr-support.o)
                              c:/program files (x86)/gnu tools arm embedded/5.4 2016q3/bin/../lib/gcc/arm-none-eabi/5.4.1/armv7-m\libgcc.a(unwind-arm.o) (__gnu_unwind_execute)
c:/program files (x86)/gnu tools arm embedded/5.4 2016q3/bin/../lib/gcc/arm-none-eabi/5.4.1/../../../../arm-none-eabi/lib/armv7-m\libg_nano.a(lib_a-memcpy-stub.o)
                              ..\obj\startup_stm32f10x_md_vl.o (memcpy)
c:/program files (x86)/gnu tools arm embedded/5.4 2016q3/bin/../lib/gcc/arm-none-eabi/5.4.1/../../../../arm-none-eabi/lib/armv7-m\libg_nano.a(lib_a-memset.o)
                              ..\obj\ublox.o (memset)
c:/program files (x86)/gnu tools arm embedded/5.4 2016q3/bin/../lib/gcc/arm-none-eabi/5.4.1/../../../../arm-none-eabi/lib/armv7-m\libg_nano.a(lib_a-sprintf.o)
                              ..\obj\main.o (sprintf)
c:/program files (x86)/gnu tools arm embedded/5.4 2016q3/bin/../lib/gcc/arm-none-eabi/5.4.1/../../../../arm-none-eabi/lib/armv7-m\libg_nano.a(lib_a-strcpy.o)
                              ..\obj\QAPRSBase.o (strcpy)
c:/program files (x86)/gnu tools arm embedded/5.4 2016q3/bin/../lib/gcc/arm-none-eabi/5.4.1/../../../../arm-none-eabi/lib/armv7-m\libg_nano.a(lib_a-strlen.o)
                              ..\obj\QAPRSBase.o (strlen)
c:/program files (x86)/gnu tools arm embedded/5.4 2016q3/bin/../lib/gcc/arm-none-eabi/5.4.1/../../../../arm-none-eabi/lib/armv7-m\libg_nano.a(lib_a-strncpy.o)
                              ..\obj\QAPRSBase.o (strncpy)
c:/program files (x86)/gnu tools arm embedded/5.4 2016q3/bin/../lib/gcc/arm-none-eabi/5.4.1/../../../../arm-none-eabi/lib/armv7-m\libg_nano.a(lib_a-impure.o)
                              c:/program files (x86)/gnu tools arm embedded/5.4 2016q3/bin/../lib/gcc/arm-none-eabi/5.4.1/../../../../arm-none-eabi/lib/armv7-m\libg_nano.a(lib_a-sprintf.o) (_impure_ptr)
c:/program files (x86)/gnu tools arm embedded/5.4 2016q3/bin/../lib/gcc/arm-none-eabi/5.4.1/../../../../arm-none-eabi/lib/armv7-m\libg_nano.a(lib_a-nano-svfprintf.o)
                              c:/program files (x86)/gnu tools arm embedded/5.4 2016q3/bin/../lib/gcc/arm-none-eabi/5.4.1/../../../../arm-none-eabi/lib/armv7-m\libg_nano.a(lib_a-sprintf.o) (_svfprintf_r)
c:/program files (x86)/gnu tools arm embedded/5.4 2016q3/bin/../lib/gcc/arm-none-eabi/5.4.1/../../../../arm-none-eabi/lib/armv7-m\libg_nano.a(lib_a-nano-vfprintf_i.o)
                              c:/program files (x86)/gnu tools arm embedded/5.4 2016q3/bin/../lib/gcc/arm-none-eabi/5.4.1/../../../../arm-none-eabi/lib/armv7-m\libg_nano.a(lib_a-nano-svfprintf.o) (_printf_i)
c:/program files (x86)/gnu tools arm embedded/5.4 2016q3/bin/../lib/gcc/arm-none-eabi/5.4.1/../../../../arm-none-eabi/lib/armv7-m\libg_nano.a(lib_a-memchr-stub.o)
                              c:/program files (x86)/gnu tools arm embedded/5.4 2016q3/bin/../lib/gcc/arm-none-eabi/5.4.1/../../../../arm-none-eabi/lib/armv7-m\libg_nano.a(lib_a-nano-svfprintf.o) (memchr)
[...]
Memory Configuration

Name             Origin             Length             Attributes
rom              0x08000000         0x00010000         xr
ram              0x20000000         0x00002000         xrw
*default*        0x00000000         0xffffffff

Linker script and memory map

                0x20002000                _eram = 0x20002000

.text           0x08000000     0x52ef
 *(.isr_vector)
 .isr_vector    0x08000000      0x124 ..\obj\startup_stm32f10x_md_vl.o
                0x08000000                g_pfnVectors
 *(.text*)
 .text.delay_init
                0x08000124       0x74 ..\obj\delay.o
                0x08000124                delay_init
 .text._delay_us
                0x08000198       0x44 ..\obj\delay.o
                0x08000198                _delay_us
 .text._delay_ms
                0x080001dc       0x4c ..\obj\delay.o
                0x080001dc                _delay_ms
 .text.TIM3_IRQHandler
                0x08000228       0x24 ..\obj\delay.o
                0x08000228                TIM3_IRQHandler
 .text.TIM_TimeBaseInit
                0x0800024c       0xa8 ..\obj\stm32f10x_tim.o
                0x0800024c                TIM_TimeBaseInit
 .text.TIM_Cmd  0x080002f4       0x1c ..\obj\stm32f10x_tim.o
                0x080002f4                TIM_Cmd
 .text.TIM_ITConfig
                0x08000310       0x14 ..\obj\stm32f10x_tim.o
                0x08000310                TIM_ITConfig
 .text.TIM_SetCounter
                0x08000324        0x4 ..\obj\stm32f10x_tim.o
                0x08000324                TIM_SetCounter
 .text.TIM_SetAutoreload
                0x08000328        0x4 ..\obj\stm32f10x_tim.o
                0x08000328                TIM_SetAutoreload
 .text.TIM_GetITStatus
                0x0800032c       0x18 ..\obj\stm32f10x_tim.o
                0x0800032c                TIM_GetITStatus
 .text.TIM_ClearITPendingBit
                0x08000344        0x8 ..\obj\stm32f10x_tim.o
                0x08000344                TIM_ClearITPendingBit
 .text.Default_Handler
                0x0800034c        0x4 ..\obj\startup_stm32f10x_md_vl.o
                0x0800034c                EXTI2_IRQHandler
                0x0800034c                DebugMon_Handler
                0x0800034c                TIM1_CC_IRQHandler
                0x0800034c                HardFault_Handler
                0x0800034c                SysTick_Handler
                0x0800034c                PVD_IRQHandler
                0x0800034c                PendSV_Handler
                0x0800034c                NMI_Handler
                0x0800034c                EXTI3_IRQHandler
                0x0800034c                EXTI0_IRQHandler
                0x0800034c                I2C2_EV_IRQHandler
                0x0800034c                TIM1_UP_TIM16_IRQHandler
                0x0800034c                UsageFault_Handler
                0x0800034c                SPI1_IRQHandler
                0x0800034c                TAMPER_IRQHandler
                0x0800034c                TIM6_DAC_IRQHandler
                0x0800034c                DMA1_Channel4_IRQHandler
                0x0800034c                ADC1_IRQHandler
                0x0800034c                USART3_IRQHandler
                0x0800034c                RTC_IRQHandler
                0x0800034c                DMA1_Channel7_IRQHandler
                0x0800034c                TIM4_IRQHandler
                0x0800034c                I2C1_EV_IRQHandler
                0x0800034c                DMA1_Channel6_IRQHandler
                0x0800034c                RCC_IRQHandler
                0x0800034c                DMA1_Channel1_IRQHandler
                0x0800034c                CEC_IRQHandler
                0x0800034c                EXTI15_10_IRQHandler
                0x0800034c                TIM7_IRQHandler
                0x0800034c                EXTI9_5_IRQHandler
                0x0800034c                SPI2_IRQHandler
                0x0800034c                MemManage_Handler
                0x0800034c                SVC_Handler
                0x0800034c                DMA1_Channel5_IRQHandler
                0x0800034c                EXTI4_IRQHandler
                0x0800034c                TIM1_TRG_COM_TIM17_IRQHandler
                0x0800034c                DMA1_Channel3_IRQHandler
                0x0800034c                WWDG_IRQHandler
                0x0800034c                EXTI1_IRQHandler
                0x0800034c                RTCAlarm_IRQHandler
                0x0800034c                USART2_IRQHandler
                0x0800034c                I2C2_ER_IRQHandler
                0x0800034c                DMA1_Channel2_IRQHandler
                0x0800034c                FLASH_IRQHandler
                0x0800034c                BusFault_Handler
                0x0800034c                I2C1_ER_IRQHandler
                0x0800034c                TIM1_BRK_TIM15_IRQHandler
 .text.Default_Reset_Handler
                0x08000350       0x48 ..\obj\startup_stm32f10x_md_vl.o
                0x08000350                Default_Reset_Handler
                0x08000350                Reset_Handler
 .text.GPIO_Init
                0x08000398      0x3cc ..\obj\stm32f10x_gpio.o
                0x08000398                GPIO_Init
 .text.GPIO_SetBits
                0x08000764        0x4 ..\obj\stm32f10x_gpio.o
                0x08000764                GPIO_SetBits
 .text.GPIO_ResetBits
                0x08000768        0x4 ..\obj\stm32f10x_gpio.o
                0x08000768                GPIO_ResetBits
 .text.USART1_IRQHandler
                0x0800076c       0x38 ..\obj\main.o
                0x0800076c                USART1_IRQHandler
 *fill*         0x080007a4        0x4 
 .text.TIM2_IRQHandler
                0x080007a8      0x18c ..\obj\main.o
                0x080007a8                TIM2_IRQHandler
 .text.send_rtty_packet
                0x08000934      0x26c ..\obj\main.o
                0x08000934                send_rtty_packet
 .text.startup.main
                0x08000ba0      0x124 ..\obj\main.o
                0x08000ba0                main
 .text.send_ublox
                0x08000cc4      0x178 ..\obj\ublox.o
                0x08000cc4                send_ublox
 .text.ublox_get_last_data
                0x08000e3c       0x24 ..\obj\ublox.o
                0x08000e3c                ublox_get_last_data
 .text.ublox_init
                0x08000e60      0x474 ..\obj\ublox.o
                0x08000e60                ublox_init
 .text.ublox_handle_packet
                0x080012d4       0xfc ..\obj\ublox.o
                0x080012d4                ublox_handle_packet
 .text.ublox_handle_incoming_byte
                0x080013d0       0x68 ..\obj\ublox.o
                0x080013d0                ublox_handle_incoming_byte
 .text.init_usart_gps
                0x08001438       0xa8 ..\obj\init.o
                0x08001438                init_usart_gps
 .text.NVIC_Conf
                0x080014e0        0xc ..\obj\init.o
                0x080014e0                NVIC_Conf
 .text.RCC_Conf
                0x080014ec       0x4c ..\obj\init.o
                0x080014ec                RCC_Conf
 .text.init_port
                0x08001538      0x354 ..\obj\init.o
                0x08001538                init_port
 .text.spi_init
                0x0800188c       0x84 ..\obj\init.o
                0x0800188c                spi_init
 .text.spi_deinit
                0x08001910       0x30 ..\obj\init.o
                0x08001910                spi_deinit
 .text.init_timer
                0x08001940       0x84 ..\obj\init.o
                0x08001940                init_timer
 .text.aprs_init
                0x080019c4       0x34 ..\obj\aprs.o
                0x080019c4                aprs_init
 .text.aprs_timer_handler
                0x080019f8        0xc ..\obj\aprs.o
                0x080019f8                aprs_timer_handler
 .text.aprs_is_active
                0x08001a04        0xc ..\obj\aprs.o
                0x08001a04                aprs_is_active
 .text.aprs_send_position
                0x08001a10      0x210 ..\obj\aprs.o
                0x08001a10                aprs_send_position
 .text.RCC_DeInit
                0x08001c20       0x48 ..\obj\stm32f10x_rcc.o
                0x08001c20                RCC_DeInit
 .text.RCC_HSEConfig
                0x08001c68       0x38 ..\obj\stm32f10x_rcc.o
                0x08001c68                RCC_HSEConfig
 .text.RCC_WaitForHSEStartUp
                0x08001ca0       0x34 ..\obj\stm32f10x_rcc.o
                0x08001ca0                RCC_WaitForHSEStartUp
 .text.RCC_SYSCLKConfig
                0x08001cd4       0x14 ..\obj\stm32f10x_rcc.o
                0x08001cd4                RCC_SYSCLKConfig
 .text.RCC_GetSYSCLKSource
                0x08001ce8       0x10 ..\obj\stm32f10x_rcc.o
                0x08001ce8                RCC_GetSYSCLKSource
 .text.RCC_HCLKConfig
                0x08001cf8       0x14 ..\obj\stm32f10x_rcc.o
                0x08001cf8                RCC_HCLKConfig
 .text.RCC_PCLK1Config
                0x08001d0c       0x14 ..\obj\stm32f10x_rcc.o
                0x08001d0c                RCC_PCLK1Config
 .text.RCC_PCLK2Config
                0x08001d20       0x14 ..\obj\stm32f10x_rcc.o
                0x08001d20                RCC_PCLK2Config
 .text.RCC_ADCCLKConfig
                0x08001d34       0x14 ..\obj\stm32f10x_rcc.o
                0x08001d34                RCC_ADCCLKConfig
 .text.RCC_GetClocksFreq
                0x08001d48       0xa8 ..\obj\stm32f10x_rcc.o
                0x08001d48                RCC_GetClocksFreq
 .text.RCC_AHBPeriphClockCmd
                0x08001df0       0x1c ..\obj\stm32f10x_rcc.o
                0x08001df0                RCC_AHBPeriphClockCmd
 .text.RCC_APB2PeriphClockCmd
                0x08001e0c       0x1c ..\obj\stm32f10x_rcc.o
                0x08001e0c                RCC_APB2PeriphClockCmd
 .text.RCC_APB1PeriphClockCmd
                0x08001e28       0x1c ..\obj\stm32f10x_rcc.o
                0x08001e28                RCC_APB1PeriphClockCmd
 .text.RCC_APB2PeriphResetCmd
                0x08001e44       0x1c ..\obj\stm32f10x_rcc.o
                0x08001e44                RCC_APB2PeriphResetCmd
 .text.RCC_APB1PeriphResetCmd
                0x08001e60       0x1c ..\obj\stm32f10x_rcc.o
                0x08001e60                RCC_APB1PeriphResetCmd
 .text.radio_rw_register
                0x08001e7c       0x60 ..\obj\radio.o
                0x08001e7c                radio_rw_register
 .text.radio_set_tx_frequency
                0x08001edc      0x158 ..\obj\radio.o
                0x08001edc                radio_set_tx_frequency
 .text.radio_disable_tx
                0x08002034       0x4c ..\obj\radio.o
                0x08002034                radio_disable_tx
 .text.radio_soft_reset
                0x08002080       0x4c ..\obj\radio.o
                0x08002080                radio_soft_reset
 .text.radio_enable_tx
                0x080020cc       0x4c ..\obj\radio.o
                0x080020cc                radio_enable_tx
 .text.radio_read_temperature
                0x08002118       0x90 ..\obj\radio.o
                0x08002118                radio_read_temperature
 .text.ADC_Init
                0x080021a8       0x48 ..\obj\stm32f10x_adc.o
                0x080021a8                ADC_Init
 .text.ADC_Cmd  0x080021f0       0x14 ..\obj\stm32f10x_adc.o
                0x080021f0                ADC_Cmd
 .text.ADC_DMACmd
                0x08002204       0x14 ..\obj\stm32f10x_adc.o
                0x08002204                ADC_DMACmd
 .text.ADC_ResetCalibration
                0x08002218        0xc ..\obj\stm32f10x_adc.o
                0x08002218                ADC_ResetCalibration
 .text.ADC_GetResetCalibrationStatus
                0x08002224        0x8 ..\obj\stm32f10x_adc.o
                0x08002224                ADC_GetResetCalibrationStatus
 .text.ADC_StartCalibration
                0x0800222c        0xc ..\obj\stm32f10x_adc.o
                0x0800222c                ADC_StartCalibration
 .text.ADC_GetCalibrationStatus
                0x08002238        0x8 ..\obj\stm32f10x_adc.o
                0x08002238                ADC_GetCalibrationStatus
 .text.ADC_SoftwareStartConvCmd
                0x08002240       0x14 ..\obj\stm32f10x_adc.o
                0x08002240                ADC_SoftwareStartConvCmd
 .text.ADC_RegularChannelConfig
                0x08002254       0x94 ..\obj\stm32f10x_adc.o
                0x08002254                ADC_RegularChannelConfig
 .text.USART_Init
                0x080022e8       0xbc ..\obj\stm32f10x_usart.o
                0x080022e8                USART_Init
 .text.USART_Cmd
                0x080023a4       0x1c ..\obj\stm32f10x_usart.o
                0x080023a4                USART_Cmd
 .text.USART_ITConfig
                0x080023c0       0x38 ..\obj\stm32f10x_usart.o
                0x080023c0                USART_ITConfig
 .text.USART_SendData
                0x080023f8        0x8 ..\obj\stm32f10x_usart.o
                0x080023f8                USART_SendData
 .text.USART_ReceiveData
                0x08002400        0x8 ..\obj\stm32f10x_usart.o
                0x08002400                USART_ReceiveData
 .text.USART_GetFlagStatus
                0x08002408        0xc ..\obj\stm32f10x_usart.o
                0x08002408                USART_GetFlagStatus
 .text.USART_GetITStatus
                0x08002414       0x48 ..\obj\stm32f10x_usart.o
                0x08002414                USART_GetITStatus
 .text.USART_ClearITPendingBit
                0x0800245c       0x10 ..\obj\stm32f10x_usart.o
                0x0800245c                USART_ClearITPendingBit
 .text.send_rtty
                0x0800246c       0x5c ..\obj\f_rtty.o
                0x0800246c                send_rtty
 .text._sbrk    0x080024c8       0x1c ..\obj\syscalls.o
                0x080024c8                _sbrk
 .text.abort    0x080024e4        0x4 ..\obj\syscalls.o
                0x080024e4                abort
 .text.FLASH_SetLatency
                0x080024e8       0x14 ..\obj\stm32f10x_flash.o
                0x080024e8                FLASH_SetLatency
 .text.FLASH_PrefetchBufferCmd
                0x080024fc       0x18 ..\obj\stm32f10x_flash.o
                0x080024fc                FLASH_PrefetchBufferCmd
 .text.DMA_DeInit
                0x08002514      0x128 ..\obj\stm32f10x_dma.o
                0x08002514                DMA_DeInit
 .text.DMA_Init
                0x0800263c       0x40 ..\obj\stm32f10x_dma.o
                0x0800263c                DMA_Init
 .text.DMA_Cmd  0x0800267c       0x18 ..\obj\stm32f10x_dma.o
                0x0800267c                DMA_Cmd
 .text.NVIC_Init
                0x08002694       0x6c ..\obj\misc.o
                0x08002694                NVIC_Init
 .text.NVIC_SetVectorTable
                0x08002700       0x14 ..\obj\misc.o
                0x08002700                NVIC_SetVectorTable
 .text.NVIC_SystemLPConfig
                0x08002714       0x18 ..\obj\misc.o
                0x08002714                NVIC_SystemLPConfig
 .text.SPI_I2S_DeInit
                0x0800272c       0x6c ..\obj\stm32f10x_spi.o
                0x0800272c                SPI_I2S_DeInit
 .text.SPI_Init
                0x08002798       0x40 ..\obj\stm32f10x_spi.o
                0x08002798                SPI_Init
 .text.SPI_Cmd  0x080027d8       0x1c ..\obj\stm32f10x_spi.o
                0x080027d8                SPI_Cmd
 .text.SPI_I2S_SendData
                0x080027f4        0x4 ..\obj\stm32f10x_spi.o
                0x080027f4                SPI_I2S_SendData
 .text.SPI_I2S_ReceiveData
                0x080027f8        0x8 ..\obj\stm32f10x_spi.o
                0x080027f8                SPI_I2S_ReceiveData
 .text.SPI_SSOutputCmd
                0x08002800       0x1c ..\obj\stm32f10x_spi.o
                0x08002800                SPI_SSOutputCmd
 .text.SPI_I2S_GetFlagStatus
                0x0800281c        0xc ..\obj\stm32f10x_spi.o
                0x0800281c                SPI_I2S_GetFlagStatus
 .text._ZN9QAPRSBase12ax25SendByteEh
                0x08002828       0xc8 ..\obj\QAPRSBase.o
                0x08002828                QAPRSBase::ax25SendByte(unsigned char)
 .text._ZN9QAPRSBase4sendEPcj
                0x080028f0      0x11c ..\obj\QAPRSBase.o
                0x080028f0                QAPRSBase::send(char*, unsigned int)
 .text._ZN9QAPRSBase8sendDataEPc
                0x08002a0c       0xcc ..\obj\QAPRSBase.o
                0x08002a0c                QAPRSBase::sendData(char*)
 .text._ZN9QAPRSBase11parseRelaysEPKcPc
                0x08002ad8       0x9c ..\obj\QAPRSBase.o
                0x08002ad8                QAPRSBase::parseRelays(char const*, char*)
 .text._ZN9QAPRSBase4initEaaPchS0_hS0_
                0x08002b74       0xa8 ..\obj\QAPRSBase.o
                0x08002b74                QAPRSBase::init(signed char, signed char, char*, unsigned char, char*, unsigned char, char*)
 .text._ZN9QAPRSBase21timerInterruptHandlerEv
                0x08002c1c       0x58 ..\obj\QAPRSBase.o
                0x08002c1c                QAPRSBase::timerInterruptHandler()
 .text          0x08002c74      0x370 c:/program files (x86)/gnu tools arm embedded/5.4 2016q3/bin/../lib/gcc/arm-none-eabi/5.4.1/armv7-m\libgcc.a(_arm_addsubdf3.o)
                0x08002c74                __aeabi_drsub
                0x08002c7c                __aeabi_dsub
                0x08002c7c                __subdf3
                0x08002c80                __aeabi_dadd
                0x08002c80                __adddf3
                0x08002ef8                __floatunsidf
                0x08002ef8                __aeabi_ui2d
                0x08002f18                __floatsidf
                0x08002f18                __aeabi_i2d
                0x08002f3c                __aeabi_f2d
                0x08002f3c                __extendsfdf2
                0x08002f78                __floatundidf
                0x08002f78                __aeabi_ul2d
                0x08002f88                __floatdidf
                0x08002f88                __aeabi_l2d
 .text          0x08002fe4      0x424 c:/program files (x86)/gnu tools arm embedded/5.4 2016q3/bin/../lib/gcc/arm-none-eabi/5.4.1/armv7-m\libgcc.a(_arm_muldivdf3.o)
                0x08002fe4                __aeabi_dmul
                0x08002fe4                __muldf3
                0x08003238                __divdf3
                0x08003238                __aeabi_ddiv
 .text          0x08003408       0x50 c:/program files (x86)/gnu tools arm embedded/5.4 2016q3/bin/../lib/gcc/arm-none-eabi/5.4.1/armv7-m\libgcc.a(_arm_fixdfsi.o)
                0x08003408                __aeabi_d2iz
                0x08003408                __fixdfsi
 .text          0x08003458      0x21c c:/program files (x86)/gnu tools arm embedded/5.4 2016q3/bin/../lib/gcc/arm-none-eabi/5.4.1/armv7-m\libgcc.a(_arm_addsubsf3.o)
                0x08003458                __aeabi_frsub
                0x08003460                __subsf3
                0x08003460                __aeabi_fsub
                0x08003464                __aeabi_fadd
                0x08003464                __addsf3
                0x080035c4                __aeabi_ui2f
                0x080035c4                __floatunsisf
                0x080035cc                __aeabi_i2f
                0x080035cc                __floatsisf
                0x080035e8                __aeabi_ul2f
                0x080035e8                __floatundisf
                0x080035f8                __aeabi_l2f
                0x080035f8                __floatdisf
 .text          0x08003674      0x2a0 c:/program files (x86)/gnu tools arm embedded/5.4 2016q3/bin/../lib/gcc/arm-none-eabi/5.4.1/armv7-m\libgcc.a(_arm_muldivsf3.o)
                0x08003674                __mulsf3
                0x08003674                __aeabi_fmul
                0x080037dc                __aeabi_fdiv
                0x080037dc                __divsf3
 .text          0x08003914       0xec c:/program files (x86)/gnu tools arm embedded/5.4 2016q3/bin/../lib/gcc/arm-none-eabi/5.4.1/armv7-m\libgcc.a(_arm_cmpsf2.o)
                0x08003914                __gesf2
                0x08003914                __gtsf2
                0x0800391c                __lesf2
                0x0800391c                __ltsf2
                0x08003924                __nesf2
                0x08003924                __eqsf2
                0x08003924                __cmpsf2
                0x08003984                __aeabi_cfrcmple
                0x0800398c                __aeabi_cfcmpeq
                0x0800398c                __aeabi_cfcmple
                0x0800399c                __aeabi_fcmpeq
                0x080039b0                __aeabi_fcmplt
                0x080039c4                __aeabi_fcmple
                0x080039d8                __aeabi_fcmpge
                0x080039ec                __aeabi_fcmpgt
 .text          0x08003a00       0x40 c:/program files (x86)/gnu tools arm embedded/5.4 2016q3/bin/../lib/gcc/arm-none-eabi/5.4.1/armv7-m\libgcc.a(_arm_fixunssfsi.o)
                0x08003a00                __fixunssfsi
                0x08003a00                __aeabi_f2uiz
 .text          0x08003a40      0x9e4 c:/program files (x86)/gnu tools arm embedded/5.4 2016q3/bin/../lib/gcc/arm-none-eabi/5.4.1/armv7-m\libgcc.a(unwind-arm.o)
                0x08003d00                _Unwind_GetCFA
                0x08003d04                __gnu_Unwind_RaiseException
                0x08003d64                __gnu_Unwind_ForcedUnwind
                0x08003d78                __gnu_Unwind_Resume
                0x08003dbc                __gnu_Unwind_Resume_or_Rethrow
                0x08003dd0                _Unwind_Complete
                0x08003dd4                _Unwind_DeleteException
                0x08003de0                _Unwind_VRS_Get
                0x08003e2c                _Unwind_VRS_Set
                0x08003e7c                __gnu_Unwind_Backtrace
                0x080041c8                __aeabi_unwind_cpp_pr0
                0x080041cc                __aeabi_unwind_cpp_pr1
                0x080041d0                __aeabi_unwind_cpp_pr2
                0x080041d4                _Unwind_VRS_Pop
 .text          0x08004424      0x1ac c:/program files (x86)/gnu tools arm embedded/5.4 2016q3/bin/../lib/gcc/arm-none-eabi/5.4.1/armv7-m\libgcc.a(libunwind.o)
                0x08004424                __restore_core_regs
                0x08004424                restore_core_regs
                0x0800443c                __gnu_Unwind_Restore_VFP
                0x08004444                __gnu_Unwind_Save_VFP
                0x0800444c                __gnu_Unwind_Restore_VFP_D
                0x08004454                __gnu_Unwind_Save_VFP_D
                0x0800445c                __gnu_Unwind_Restore_VFP_D_16_to_31
                0x08004464                __gnu_Unwind_Save_VFP_D_16_to_31
                0x0800446c                __gnu_Unwind_Restore_WMMXD
                0x080044b0                __gnu_Unwind_Save_WMMXD
                0x080044f4                __gnu_Unwind_Restore_WMMXC
                0x08004508                __gnu_Unwind_Save_WMMXC
                0x0800451c                ___Unwind_RaiseException
                0x0800451c                _Unwind_RaiseException
                0x08004540                _Unwind_Resume
                0x08004540                ___Unwind_Resume
                0x08004564                _Unwind_Resume_or_Rethrow
                0x08004564                ___Unwind_Resume_or_Rethrow
                0x08004588                _Unwind_ForcedUnwind
                0x08004588                ___Unwind_ForcedUnwind
                0x080045ac                ___Unwind_Backtrace
                0x080045ac                _Unwind_Backtrace
 .text          0x080045d0      0x354 c:/program files (x86)/gnu tools arm embedded/5.4 2016q3/bin/../lib/gcc/arm-none-eabi/5.4.1/armv7-m\libgcc.a(pr-support.o)
                0x08004628                __gnu_unwind_execute
                0x080048cc                __gnu_unwind_frame
                0x080048f4                _Unwind_GetRegionStart
                0x08004900                _Unwind_GetLanguageSpecificData
                0x08004914                _Unwind_GetTextRelBase
                0x0800491c                _Unwind_GetDataRelBase
 .text.memcpy   0x08004924       0x16 c:/program files (x86)/gnu tools arm embedded/5.4 2016q3/bin/../lib/gcc/arm-none-eabi/5.4.1/../../../../arm-none-eabi/lib/armv7-m\libg_nano.a(lib_a-memcpy-stub.o)
                0x08004924                memcpy
 .text.memset   0x0800493a       0x10 c:/program files (x86)/gnu tools arm embedded/5.4 2016q3/bin/../lib/gcc/arm-none-eabi/5.4.1/../../../../arm-none-eabi/lib/armv7-m\libg_nano.a(lib_a-memset.o)
                0x0800493a                memset
 *fill*         0x0800494a        0x2 
 .text.sprintf  0x0800494c       0x48 c:/program files (x86)/gnu tools arm embedded/5.4 2016q3/bin/../lib/gcc/arm-none-eabi/5.4.1/../../../../arm-none-eabi/lib/armv7-m\libg_nano.a(lib_a-sprintf.o)
                0x0800494c                siprintf
                0x0800494c                sprintf
 .text.strcpy   0x08004994       0x10 c:/program files (x86)/gnu tools arm embedded/5.4 2016q3/bin/../lib/gcc/arm-none-eabi/5.4.1/../../../../arm-none-eabi/lib/armv7-m\libg_nano.a(lib_a-strcpy.o)
                0x08004994                strcpy
 .text          0x080049a4       0x10 c:/program files (x86)/gnu tools arm embedded/5.4 2016q3/bin/../lib/gcc/arm-none-eabi/5.4.1/../../../../arm-none-eabi/lib/armv7-m\libg_nano.a(lib_a-strlen.o)
                0x080049a4                strlen
 .text.strncpy  0x080049b4       0x26 c:/program files (x86)/gnu tools arm embedded/5.4 2016q3/bin/../lib/gcc/arm-none-eabi/5.4.1/../../../../arm-none-eabi/lib/armv7-m\libg_nano.a(lib_a-strncpy.o)
                0x080049b4                strncpy
 .text.__ssputs_r
                0x080049da       0xb2 c:/program files (x86)/gnu tools arm embedded/5.4 2016q3/bin/../lib/gcc/arm-none-eabi/5.4.1/../../../../arm-none-eabi/lib/armv7-m\libg_nano.a(lib_a-nano-svfprintf.o)
                0x080049da                __ssputs_r
 .text._svfprintf_r
                0x08004a8c      0x1e8 c:/program files (x86)/gnu tools arm embedded/5.4 2016q3/bin/../lib/gcc/arm-none-eabi/5.4.1/../../../../arm-none-eabi/lib/armv7-m\libg_nano.a(lib_a-nano-svfprintf.o)
                0x08004a8c                _svfiprintf_r
                0x08004a8c                _svfprintf_r
 .text._printf_common
                0x08004c74       0xec c:/program files (x86)/gnu tools arm embedded/5.4 2016q3/bin/../lib/gcc/arm-none-eabi/5.4.1/../../../../arm-none-eabi/lib/armv7-m\libg_nano.a(lib_a-nano-vfprintf_i.o)
                0x08004c74                _printf_common
 .text._printf_i
                0x08004d60      0x24c c:/program files (x86)/gnu tools arm embedded/5.4 2016q3/bin/../lib/gcc/arm-none-eabi/5.4.1/../../../../arm-none-eabi/lib/armv7-m\libg_nano.a(lib_a-nano-vfprintf_i.o)
                0x08004d60                _printf_i
 .text.memchr   0x08004fac       0x1c c:/program files (x86)/gnu tools arm embedded/5.4 2016q3/bin/../lib/gcc/arm-none-eabi/5.4.1/../../../../arm-none-eabi/lib/armv7-m\libg_nano.a(lib_a-memchr-stub.o)
                0x08004fac                memchr
 .text.memmove  0x08004fc8       0x36 c:/program files (x86)/gnu tools arm embedded/5.4 2016q3/bin/../lib/gcc/arm-none-eabi/5.4.1/../../../../arm-none-eabi/lib/armv7-m\libg_nano.a(lib_a-memmove.o)
                0x08004fc8                memmove
 *fill*         0x08004ffe        0x2 
 .text._free_r  0x08005000       0x98 c:/program files (x86)/gnu tools arm embedded/5.4 2016q3/bin/../lib/gcc/arm-none-eabi/5.4.1/../../../../arm-none-eabi/lib/armv7-m\libg_nano.a(lib_a-nano-freer.o)
                0x08005000                _free_r
 .text._malloc_r
                0x08005098       0xbc c:/program files (x86)/gnu tools arm embedded/5.4 2016q3/bin/../lib/gcc/arm-none-eabi/5.4.1/../../../../arm-none-eabi/lib/armv7-m\libg_nano.a(lib_a-nano-mallocr.o)
                0x08005098                _malloc_r
 .text._realloc_r
                0x08005154       0x4c c:/program files (x86)/gnu tools arm embedded/5.4 2016q3/bin/../lib/gcc/arm-none-eabi/5.4.1/../../../../arm-none-eabi/lib/armv7-m\libg_nano.a(lib_a-nano-reallocr.o)
                0x08005154                _realloc_r
 .text._sbrk_r  0x080051a0       0x20 c:/program files (x86)/gnu tools arm embedded/5.4 2016q3/bin/../lib/gcc/arm-none-eabi/5.4.1/../../../../arm-none-eabi/lib/armv7-m\libg_nano.a(lib_a-sbrkr.o)
                0x080051a0                _sbrk_r
 .text.__malloc_lock
                0x080051c0        0x2 c:/program files (x86)/gnu tools arm embedded/5.4 2016q3/bin/../lib/gcc/arm-none-eabi/5.4.1/../../../../arm-none-eabi/lib/armv7-m\libg_nano.a(lib_a-mlock.o)
                0x080051c0                __malloc_lock
 .text.__malloc_unlock
                0x080051c2        0x2 c:/program files (x86)/gnu tools arm embedded/5.4 2016q3/bin/../lib/gcc/arm-none-eabi/5.4.1/../../../../arm-none-eabi/lib/armv7-m\libg_nano.a(lib_a-mlock.o)
                0x080051c2                __malloc_unlock
 .text._malloc_usable_size_r
                0x080051c4       0x14 c:/program files (x86)/gnu tools arm embedded/5.4 2016q3/bin/../lib/gcc/arm-none-eabi/5.4.1/../../../../arm-none-eabi/lib/armv7-m\libg_nano.a(lib_a-nano-msizer.o)
                0x080051c4                _malloc_usable_size_r
 *(.init)
 *(.fini)
 *crtbegin.o(.ctors)
 *crtbegin?.o(.ctors)
 *(EXCLUDE_FILE(*crtend.o *crtend?.o) .ctors)
 *(SORT(.ctors.*))
 *(.ctors)
 *crtbegin.o(.dtors)
 *crtbegin?.o(.dtors)
 *(EXCLUDE_FILE(*crtend.o *crtend?.o) .dtors)
 *(SORT(.dtors.*))
 *(.dtors)
 *(.rodata*)
 .rodata.str1.4
                0x080051d8       0x55 ..\obj\main.o
                                 0x59 (size before relaxing)
 *fill*         0x0800522d        0x3 
 .rodata.str1.4
                0x08005230       0x8c ..\obj\aprs.o
                                 0x8a (size before relaxing)
 .rodata.str1.1
                0x080052bc       0x11 c:/program files (x86)/gnu tools arm embedded/5.4 2016q3/bin/../lib/gcc/arm-none-eabi/5.4.1/../../../../arm-none-eabi/lib/armv7-m\libg_nano.a(lib_a-nano-svfprintf.o)
 .rodata.str1.1
                0x080052cd       0x22 c:/program files (x86)/gnu tools arm embedded/5.4 2016q3/bin/../lib/gcc/arm-none-eabi/5.4.1/../../../../arm-none-eabi/lib/armv7-m\libg_nano.a(lib_a-nano-vfprintf_i.o)
 *(.eh_fram e*)

.glue_7         0x080052f0        0x0
 .glue_7        0x080052f0        0x0 linker stubs

.glue_7t        0x080052f0        0x0
 .glue_7t       0x080052f0        0x0 linker stubs

.vfp11_veneer   0x080052f0        0x0
 .vfp11_veneer  0x080052f0        0x0 linker stubs

.v4_bx          0x080052f0        0x0
 .v4_bx         0x080052f0        0x0 linker stubs

.iplt           0x080052f0        0x0
 .iplt          0x080052f0        0x0 ..\obj\delay.o

.ARM.extab      0x080052f0       0x18
 *(.ARM.extab* .gnu.linkonce.armextab.*)
 .ARM.extab     0x080052f0       0x18 c:/program files (x86)/gnu tools arm embedded/5.4 2016q3/bin/../lib/gcc/arm-none-eabi/5.4.1/armv7-m\libgcc.a(pr-support.o)
                0x08005308                __exidx_start = .

.ARM.exidx      0x08005308      0x100
 *(.ARM.exidx* .gnu.linkonce.armexidx.*)
 .ARM.exidx.text.aprs_init
                0x08005308        0x8 ..\obj\aprs.o
 .ARM.exidx.text.aprs_timer_handler
                0x08005310        0x8 ..\obj\aprs.o
 .ARM.exidx.text.aprs_is_active
                0x08005318        0x0 ..\obj\aprs.o
                                  0x8 (size before relaxing)
 .ARM.exidx.text.aprs_send_position
                0x08005318       0x10 ..\obj\aprs.o
                                  0x8 (size before relaxing)
 .ARM.exidx.text._ZN9QAPRSBase12ax25SendByteEh
                0x08005328        0x8 ..\obj\QAPRSBase.o
 .ARM.exidx.text._ZN9QAPRSBase4sendEPcj
                0x08005330        0x8 ..\obj\QAPRSBase.o
 .ARM.exidx.text._ZN9QAPRSBase8sendDataEPc
                0x08005338        0x8 ..\obj\QAPRSBase.o
 .ARM.exidx.text._ZN9QAPRSBase11parseRelaysEPKcPc
                0x08005340        0x0 ..\obj\QAPRSBase.o
                                  0x8 (size before relaxing)
 .ARM.exidx.text._ZN9QAPRSBase4initEaaPchS0_hS0_
                0x08005340        0x8 ..\obj\QAPRSBase.o
 .ARM.exidx.text._ZN9QAPRSBase21timerInterruptHandlerEv
                0x08005348       0x10 ..\obj\QAPRSBase.o
                                  0x8 (size before relaxing)
 .ARM.exidx     0x08005358       0x78 c:/program files (x86)/gnu tools arm embedded/5.4 2016q3/bin/../lib/gcc/arm-none-eabi/5.4.1/armv7-m\libgcc.a(unwind-arm.o)
                                 0xd8 (size before relaxing)
 .ARM.exidx     0x080053d0       0x38 c:/program files (x86)/gnu tools arm embedded/5.4 2016q3/bin/../lib/gcc/arm-none-eabi/5.4.1/armv7-m\libgcc.a(pr-support.o)
                                 0x48 (size before relaxing)
                0x08005408                __exidx_end = .
                0x08005408                __etext = .
                0x08005408                _sidata = __etext

.rel.dyn        0x08005408        0x0
 .rel.iplt      0x08005408        0x0 ..\obj\delay.o

.data           0x20000000       0x98 load address 0x08005408
                0x20000000                __data_start__ = .
                0x20000000                _sdata = __data_start__
 *(vtable)
 *(.data*)
 .data          0x20000000       0x1e ..\obj\main.o
                0x20000000                adc_bottom
                0x20000004                cun
                0x20000008                callsign
                0x20000018                CRC_rtty
                0x2000001c                status
 *fill*         0x2000001e        0x2 
 .data          0x20000020       0x14 ..\obj\stm32f10x_rcc.o
 .data.impure_data
                0x20000034       0x60 c:/program files (x86)/gnu tools arm embedded/5.4 2016q3/bin/../lib/gcc/arm-none-eabi/5.4.1/../../../../arm-none-eabi/lib/armv7-m\libg_nano.a(lib_a-impure.o)
 .data._impure_ptr
                0x20000094        0x4 c:/program files (x86)/gnu tools arm embedded/5.4 2016q3/bin/../lib/gcc/arm-none-eabi/5.4.1/../../../../arm-none-eabi/lib/armv7-m\libg_nano.a(lib_a-impure.o)
                0x20000094                _impure_ptr
                0x20000098                . = ALIGN (0x4)
                [!provide]                PROVIDE (__preinit_array_start, .)
 *(.preinit_array)
                [!provide]                PROVIDE (__preinit_array_end, .)
                0x20000098                . = ALIGN (0x4)
                [!provide]                PROVIDE (__init_array_start, .)
 *(SORT(.init_array.*))
 *(.init_array)
                [!provide]                PROVIDE (__init_array_end, .)
                0x20000098                . = ALIGN (0x4)
                [!provide]                PROVIDE (__fini_array_start, .)
 *(SORT(.fini_array.*))
 *(.fini_array)
                [!provide]                PROVIDE (__fini_array_end, .)
 *(.jcr*)
                0x20000098                . = ALIGN (0x4)
                0x20000098                __data_end__ = .
                0x20000098                _edata = __data_end__

.igot.plt       0x20000098        0x0 load address 0x080054a0
 .igot.plt      0x20000098        0x0 ..\obj\delay.o

.bss            0x20000098      0x370 load address 0x080054a0
                0x20000098                . = ALIGN (0x4)
                0x20000098                __bss_start__ = .
                0x20000098                _sbss = __bss_start__
 *(.bss*)
 .bss           0x20000098        0x8 ..\obj\main.o
                0x20000098                button_pressed
                0x2000009a                disable_armed
                0x2000009b                tx_on
                0x2000009c                send_rtty_status
                0x2000009d                tx_enable
                0x2000009e                pun
                0x2000009f                flaga
 .bss           0x200000a0       0x69 ..\obj\ublox.o
                0x200000a0                ack_received
                0x200000a1                nack_received
                0x20000108                active
 *fill*         0x20000109        0x3 
 .bss           0x2000010c      0x176 ..\obj\aprs.o
                0x2000010c                qaprs
 .bss           0x20000282        0x1 ..\obj\f_rtty.o
 *fill*         0x20000283        0x1 
 .bss           0x20000284        0x4 ..\obj\syscalls.o
 .bss           0x20000288       0x10 ..\obj\QAPRSBase.o
                0x20000290                QAPRSGlobalObject
                0x20000294                ADCVal
 .bss.__malloc_sbrk_start
                0x20000298        0x4 c:/program files (x86)/gnu tools arm embedded/5.4 2016q3/bin/../lib/gcc/arm-none-eabi/5.4.1/../../../../arm-none-eabi/lib/armv7-m\libg_nano.a(lib_a-nano-mallocr.o)
                0x20000298                __malloc_sbrk_start
 .bss.__malloc_free_list
                0x2000029c        0x4 c:/program files (x86)/gnu tools arm embedded/5.4 2016q3/bin/../lib/gcc/arm-none-eabi/5.4.1/../../../../arm-none-eabi/lib/armv7-m\libg_nano.a(lib_a-nano-mallocr.o)
                0x2000029c                __malloc_free_list
 *(COMMON)
 COMMON         0x200002a0        0x1 ..\obj\delay.o
                0x200002a0                done
 *fill*         0x200002a1        0x3 
 COMMON         0x200002a4       0xd8 ..\obj\main.o
                0x200002a4                send_cun
                0x200002a8                voltage
                0x200002ac                rtty_buf
                0x200002b0                tx_on_delay
                0x200002b4                buf_rtty
 COMMON         0x2000037c       0x1c ..\obj\ublox.o
                0x2000037c                currentGPSData
 COMMON         0x20000398       0x68 ..\obj\init.o
                0x20000398                ADC_InitStructure
                0x200003ac                GPIO_Conf
                0x200003b0                SPI_InitStructure
                0x200003c4                USART_InitStructure
                0x200003d4                DMA_InitStructure
 COMMON         0x20000400        0x1 ..\obj\f_rtty.o
                0x20000400                start_bits
 *fill*         0x20000401        0x3 
 COMMON         0x20000404        0x4 c:/program files (x86)/gnu tools arm embedded/5.4 2016q3/bin/../lib/gcc/arm-none-eabi/5.4.1/../../../../arm-none-eabi/lib/armv7-m\libg_nano.a(lib_a-reent.o)
                0x20000404                errno
                0x20000408                . = ALIGN (0x4)
                0x20000408                __bss_end__ = .
                0x20000408                _ebss = __bss_end__

.heap           0x20000408        0x0
                0x20000408                __end__ = .
                0x20000408                _end = __end__
                0x20000408                end = __end__
 *(.heap*)
                0x20000408                __HeapLimit = .

.co_stack       0x20000408      0x400 load address 0x08005810
                0x20000408                . = ALIGN (0x8)
 *(.co_stack .co_stack.*)
 .co_stack      0x20000408      0x400 ..\obj\startup_stm32f10x_md_vl.o
                0x20000408                pulStack
                0x20002000                __StackTop = (ORIGIN (ram) + LENGTH (ram))
                0x20001c00                __StackLimit = (__StackTop - SIZEOF (.co_stack))
                [!provide]                PROVIDE (__stack, __StackTop)
                0x00000001                ASSERT ((__StackLimit >= __HeapLimit), region ram  overflowed with stack)
LOAD ..\obj\delay.o
LOAD ..\obj\stm32f10x_tim.o
LOAD ..\obj\startup_stm32f10x_md_vl.o
LOAD ..\obj\system_stm32f10x.o
LOAD ..\obj\stm32f10x_pwr.o
LOAD ..\obj\stm32f10x_gpio.o
LOAD ..\obj\main.o
LOAD ..\obj\ublox.o
LOAD ..\obj\init.o
LOAD ..\obj\aprs.o
LOAD ..\obj\stm32f10x_rcc.o
LOAD ..\obj\radio.o
LOAD ..\obj\stm32f10x_adc.o
LOAD ..\obj\stm32f10x_usart.o
LOAD ..\obj\f_rtty.o
LOAD ..\obj\syscalls.o
LOAD ..\obj\stm32f10x_flash.o
LOAD ..\obj\stm32f10x_dma.o
LOAD ..\obj\misc.o
LOAD ..\obj\stm32f10x_spi.o
LOAD ..\obj\QAPRSBase.o
LOAD c:/program files (x86)/gnu tools arm embedded/5.4 2016q3/bin/../lib/gcc/arm-none-eabi/5.4.1/../../../../arm-none-eabi/lib/armv7-m\libstdc++_nano.a
START GROUP
LOAD c:/program files (x86)/gnu tools arm embedded/5.4 2016q3/bin/../lib/gcc/arm-none-eabi/5.4.1/armv7-m\libgcc.a
LOAD c:/program files (x86)/gnu tools arm embedded/5.4 2016q3/bin/../lib/gcc/arm-none-eabi/5.4.1/../../../../arm-none-eabi/lib/armv7-m\libg_nano.a
LOAD c:/program files (x86)/gnu tools arm embedded/5.4 2016q3/bin/../lib/gcc/arm-none-eabi/5.4.1/../../../../arm-none-eabi/lib/armv7-m\libc_nano.a
END GROUP
START GROUP
LOAD c:/program files (x86)/gnu tools arm embedded/5.4 2016q3/bin/../lib/gcc/arm-none-eabi/5.4.1/armv7-m\libgcc.a
LOAD c:/program files (x86)/gnu tools arm embedded/5.4 2016q3/bin/../lib/gcc/arm-none-eabi/5.4.1/../../../../arm-none-eabi/lib/armv7-m\libc_nano.a
END GROUP
OUTPUT(RS41HUP.elf elf32-littlearm)

.debug_info     0x00000000    0x106fa
 .debug_info    0x00000000      0x85c ..\obj\delay.o
 .debug_info    0x0000085c     0x2531 ..\obj\stm32f10x_tim.o
 .debug_info    0x00002d8d      0x10e ..\obj\startup_stm32f10x_md_vl.o
 .debug_info    0x00002e9b      0x88f ..\obj\stm32f10x_gpio.o
 .debug_info    0x0000372a      0xe8b ..\obj\main.o
 .debug_info    0x000045b5     0x1a55 ..\obj\ublox.o
 .debug_info    0x0000600a     0x1aa4 ..\obj\init.o
 .debug_info    0x00007aae      0xb18 ..\obj\aprs.o
 .debug_info    0x000085c6      0x9b3 ..\obj\stm32f10x_rcc.o
 .debug_info    0x00008f79      0xd01 ..\obj\radio.o
 .debug_info    0x00009c7a      0xc27 ..\obj\stm32f10x_adc.o
 .debug_info    0x0000a8a1      0xb26 ..\obj\stm32f10x_usart.o
 .debug_info    0x0000b3c7      0x111 ..\obj\f_rtty.o
 .debug_info    0x0000b4d8      0x432 ..\obj\syscalls.o
 .debug_info    0x0000b90a     0x1540 ..\obj\stm32f10x_flash.o
 .debug_info    0x0000ce4a      0x426 ..\obj\stm32f10x_dma.o
 .debug_info    0x0000d270      0x55c ..\obj\misc.o
 .debug_info    0x0000d7cc      0x9c9 ..\obj\stm32f10x_spi.o
 .debug_info    0x0000e195     0x2565 ..\obj\QAPRSBase.o

.debug_abbrev   0x00000000     0x2a21
 .debug_abbrev  0x00000000      0x1f7 ..\obj\delay.o
 .debug_abbrev  0x000001f7      0x2b3 ..\obj\stm32f10x_tim.o
 .debug_abbrev  0x000004aa       0xdf ..\obj\startup_stm32f10x_md_vl.o
 .debug_abbrev  0x00000589      0x200 ..\obj\stm32f10x_gpio.o
 .debug_abbrev  0x00000789      0x30e ..\obj\main.o
 .debug_abbrev  0x00000a97      0x30c ..\obj\ublox.o
 .debug_abbrev  0x00000da3      0x2e3 ..\obj\init.o
 .debug_abbrev  0x00001086      0x30a ..\obj\aprs.o
 .debug_abbrev  0x00001390      0x26e ..\obj\stm32f10x_rcc.o
 .debug_abbrev  0x000015fe      0x257 ..\obj\radio.o
 .debug_abbrev  0x00001855      0x1e6 ..\obj\stm32f10x_adc.o
 .debug_abbrev  0x00001a3b      0x1e4 ..\obj\stm32f10x_usart.o
 .debug_abbrev  0x00001c1f       0xb7 ..\obj\f_rtty.o
 .debug_abbrev  0x00001cd6      0x147 ..\obj\syscalls.o
 .debug_abbrev  0x00001e1d      0x21e ..\obj\stm32f10x_flash.o
 .debug_abbrev  0x0000203b      0x1c6 ..\obj\stm32f10x_dma.o
 .debug_abbrev  0x00002201      0x156 ..\obj\misc.o
 .debug_abbrev  0x00002357      0x1e6 ..\obj\stm32f10x_spi.o
 .debug_abbrev  0x0000253d      0x4e4 ..\obj\QAPRSBase.o

.debug_loc      0x00000000    0x1b20e
 .debug_loc     0x00000000       0xc0 ..\obj\delay.o
 .debug_loc     0x000000c0     0x23d1 ..\obj\stm32f10x_tim.o
 .debug_loc     0x00002491     0x1532 ..\obj\stm32f10x_gpio.o
 .debug_loc     0x000039c3    0x10628 ..\obj\main.o
 .debug_loc     0x00013feb      0x805 ..\obj\ublox.o
 .debug_loc     0x000147f0      0x11f ..\obj\init.o
 .debug_loc     0x0001490f      0x78e ..\obj\aprs.o
 .debug_loc     0x0001509d      0x81c ..\obj\stm32f10x_rcc.o
 .debug_loc     0x000158b9      0x2c7 ..\obj\radio.o
 .debug_loc     0x00015b80      0x9cd ..\obj\stm32f10x_adc.o
 .debug_loc     0x0001654d      0x84f ..\obj\stm32f10x_usart.o
 .debug_loc     0x00016d9c       0x85 ..\obj\f_rtty.o
 .debug_loc     0x00016e21       0xe7 ..\obj\syscalls.o
 .debug_loc     0x00016f08     0x24e7 ..\obj\stm32f10x_flash.o
 .debug_loc     0x000193ef       0xfe ..\obj\stm32f10x_dma.o
 .debug_loc     0x000194ed      0x193 ..\obj\misc.o
 .debug_loc     0x00019680      0x555 ..\obj\stm32f10x_spi.o
 .debug_loc     0x00019bd5     0x1639 ..\obj\QAPRSBase.o

.debug_aranges  0x00000000      0xc78
 .debug_aranges
                0x00000000       0x38 ..\obj\delay.o
 .debug_aranges
                0x00000038      0x2c0 ..\obj\stm32f10x_tim.o
 .debug_aranges
                0x000002f8       0x28 ..\obj\startup_stm32f10x_md_vl.o
 .debug_aranges
                0x00000320       0xa8 ..\obj\stm32f10x_gpio.o
 .debug_aranges
                0x000003c8       0x40 ..\obj\main.o
 .debug_aranges
                0x00000408       0x60 ..\obj\ublox.o
 .debug_aranges
                0x00000468       0x58 ..\obj\init.o
 .debug_aranges
                0x000004c0       0x58 ..\obj\aprs.o
 .debug_aranges
                0x00000518      0x120 ..\obj\stm32f10x_rcc.o
 .debug_aranges
                0x00000638       0x50 ..\obj\radio.o
 .debug_aranges
                0x00000688      0x138 ..\obj\stm32f10x_adc.o
 .debug_aranges
                0x000007c0      0x100 ..\obj\stm32f10x_usart.o
 .debug_aranges
                0x000008c0       0x20 ..\obj\f_rtty.o
 .debug_aranges
                0x000008e0       0x58 ..\obj\syscalls.o
 .debug_aranges
                0x00000938       0xd8 ..\obj\stm32f10x_flash.o
 .debug_aranges
                0x00000a10       0x60 ..\obj\stm32f10x_dma.o
 .debug_aranges
                0x00000a70       0x40 ..\obj\misc.o
 .debug_aranges
                0x00000ab0       0xd0 ..\obj\stm32f10x_spi.o
 .debug_aranges
                0x00000b80       0xf8 ..\obj\QAPRSBase.o

.debug_ranges   0x00000000     0x1e60
 .debug_ranges  0x00000000       0x28 ..\obj\delay.o
 .debug_ranges  0x00000028      0x4b0 ..\obj\stm32f10x_tim.o
 .debug_ranges  0x000004d8       0x18 ..\obj\startup_stm32f10x_md_vl.o
 .debug_ranges  0x000004f0       0x98 ..\obj\stm32f10x_gpio.o
 .debug_ranges  0x00000588       0x48 ..\obj\main.o
 .debug_ranges  0x000005d0      0x120 ..\obj\ublox.o
 .debug_ranges  0x000006f0       0x78 ..\obj\init.o
 .debug_ranges  0x00000768       0x80 ..\obj\aprs.o
 .debug_ranges  0x000007e8      0x130 ..\obj\stm32f10x_rcc.o
 .debug_ranges  0x00000918      0x138 ..\obj\radio.o
 .debug_ranges  0x00000a50      0x128 ..\obj\stm32f10x_adc.o
 .debug_ranges  0x00000b78       0xf0 ..\obj\stm32f10x_usart.o
 .debug_ranges  0x00000c68       0x10 ..\obj\f_rtty.o
 .debug_ranges  0x00000c78       0x48 ..\obj\syscalls.o
 .debug_ranges  0x00000cc0      0xba8 ..\obj\stm32f10x_flash.o
 .debug_ranges  0x00001868       0x50 ..\obj\stm32f10x_dma.o
 .debug_ranges  0x000018b8       0x30 ..\obj\misc.o
 .debug_ranges  0x000018e8       0xc0 ..\obj\stm32f10x_spi.o
 .debug_ranges  0x000019a8      0x4b8 ..\obj\QAPRSBase.o

.debug_line     0x00000000     0x60f5
 .debug_line    0x00000000      0x31f ..\obj\delay.o
 .debug_line    0x0000031f      0xdbc ..\obj\stm32f10x_tim.o
 .debug_line    0x000010db       0xc6 ..\obj\startup_stm32f10x_md_vl.o
 .debug_line    0x000011a1      0x582 ..\obj\stm32f10x_gpio.o
 .debug_line    0x00001723      0x4ce ..\obj\main.o
 .debug_line    0x00001bf1      0x607 ..\obj\ublox.o
 .debug_line    0x000021f8      0x574 ..\obj\init.o
 .debug_line    0x0000276c      0x345 ..\obj\aprs.o
 .debug_line    0x00002ab1      0x5ac ..\obj\stm32f10x_rcc.o
 .debug_line    0x0000305d      0x3cd ..\obj\radio.o
 .debug_line    0x0000342a      0x609 ..\obj\stm32f10x_adc.o
 .debug_line    0x00003a33      0x57e ..\obj\stm32f10x_usart.o
 .debug_line    0x00003fb1      0x184 ..\obj\f_rtty.o
 .debug_line    0x00004135      0x1f9 ..\obj\syscalls.o
 .debug_line    0x0000432e      0x91e ..\obj\stm32f10x_flash.o
 .debug_line    0x00004c4c      0x3a7 ..\obj\stm32f10x_dma.o
 .debug_line    0x00004ff3      0x30d ..\obj\misc.o
 .debug_line    0x00005300      0x4ee ..\obj\stm32f10x_spi.o
 .debug_line    0x000057ee      0x907 ..\obj\QAPRSBase.o

.debug_str      0x00000000     0x45e4
 .debug_str     0x00000000      0x700 ..\obj\delay.o
                                0x76d (size before relaxing)
 .debug_str     0x00000700      0xa40 ..\obj\stm32f10x_tim.o
                                0xe25 (size before relaxing)
 .debug_str     0x00001140       0xec ..\obj\startup_stm32f10x_md_vl.o
                                0x183 (size before relaxing)
 .debug_str     0x0000122c      0x39e ..\obj\stm32f10x_gpio.o
                                0x565 (size before relaxing)
 .debug_str     0x000015ca      0x44f ..\obj\main.o
                                0x77b (size before relaxing)
 .debug_str     0x00001a19      0x4dc ..\obj\ublox.o
                                0x7dc (size before relaxing)
 .debug_str     0x00001ef5      0x673 ..\obj\init.o
                                0xed2 (size before relaxing)
 .debug_str     0x00002568      0x865 ..\obj\aprs.o
                                0xab2 (size before relaxing)
 .debug_str     0x00002dcd      0x3a3 ..\obj\stm32f10x_rcc.o
                                0x6a2 (size before relaxing)
 .debug_str     0x00003170       0xec ..\obj\radio.o
                                0x3c3 (size before relaxing)
 .debug_str     0x0000325c      0x3ea ..\obj\stm32f10x_adc.o
                                0x747 (size before relaxing)
 .debug_str     0x00003646      0x34c ..\obj\stm32f10x_usart.o
                                0x705 (size before relaxing)
 .debug_str     0x00003992       0x62 ..\obj\f_rtty.o
                                0x1cd (size before relaxing)
 .debug_str     0x000039f4      0x1a5 ..\obj\syscalls.o
                                0x384 (size before relaxing)
 .debug_str     0x00003b99      0x3e0 ..\obj\stm32f10x_flash.o
                                0x5d6 (size before relaxing)
 .debug_str     0x00003f79      0x126 ..\obj\stm32f10x_dma.o
                                0x3b7 (size before relaxing)
 .debug_str     0x0000409f      0x170 ..\obj\misc.o
                                0x3f3 (size before relaxing)
 .debug_str     0x0000420f      0x27a ..\obj\stm32f10x_spi.o
                                0x672 (size before relaxing)
 .debug_str     0x00004489      0x15b ..\obj\QAPRSBase.o
                                0xbc8 (size before relaxing)

.comment        0x00000000       0x6e
 .comment       0x00000000       0x6e ..\obj\delay.o
                                 0x6f (size before relaxing)
 .comment       0x0000006e       0x6f ..\obj\stm32f10x_tim.o
 .comment       0x0000006e       0x6f ..\obj\startup_stm32f10x_md_vl.o
 .comment       0x0000006e       0x6f ..\obj\stm32f10x_gpio.o
 .comment       0x0000006e       0x6f ..\obj\main.o
 .comment       0x0000006e       0x6f ..\obj\ublox.o
 .comment       0x0000006e       0x6f ..\obj\init.o
 .comment       0x0000006e       0x6f ..\obj\aprs.o
 .comment       0x0000006e       0x6f ..\obj\stm32f10x_rcc.o
 .comment       0x0000006e       0x6f ..\obj\radio.o
 .comment       0x0000006e       0x6f ..\obj\stm32f10x_adc.o
 .comment       0x0000006e       0x6f ..\obj\stm32f10x_usart.o
 .comment       0x0000006e       0x6f ..\obj\f_rtty.o
 .comment       0x0000006e       0x6f ..\obj\syscalls.o
 .comment       0x0000006e       0x6f ..\obj\stm32f10x_flash.o
 .comment       0x0000006e       0x6f ..\obj\stm32f10x_dma.o
 .comment       0x0000006e       0x6f ..\obj\misc.o
 .comment       0x0000006e       0x6f ..\obj\stm32f10x_spi.o
 .comment       0x0000006e       0x6f ..\obj\QAPRSBase.o

.ARM.attributes
                0x00000000       0x31
 .ARM.attributes
                0x00000000       0x33 ..\obj\delay.o
 .ARM.attributes
                0x00000033       0x33 ..\obj\stm32f10x_tim.o
 .ARM.attributes
                0x00000066       0x33 ..\obj\startup_stm32f10x_md_vl.o
 .ARM.attributes
                0x00000099       0x33 ..\obj\stm32f10x_gpio.o
 .ARM.attributes
                0x000000cc       0x33 ..\obj\main.o
 .ARM.attributes
                0x000000ff       0x33 ..\obj\ublox.o
 .ARM.attributes
                0x00000132       0x33 ..\obj\init.o
 .ARM.attributes
                0x00000165       0x33 ..\obj\aprs.o
 .ARM.attributes
                0x00000198       0x33 ..\obj\stm32f10x_rcc.o
 .ARM.attributes
                0x000001cb       0x33 ..\obj\radio.o
 .ARM.attributes
                0x000001fe       0x33 ..\obj\stm32f10x_adc.o
 .ARM.attributes
                0x00000231       0x33 ..\obj\stm32f10x_usart.o
 .ARM.attributes
                0x00000264       0x33 ..\obj\f_rtty.o
 .ARM.attributes
                0x00000297       0x33 ..\obj\syscalls.o
 .ARM.attributes
                0x000002ca       0x33 ..\obj\stm32f10x_flash.o
 .ARM.attributes
                0x000002fd       0x33 ..\obj\stm32f10x_dma.o
 .ARM.attributes
                0x00000330       0x33 ..\obj\misc.o
 .ARM.attributes
                0x00000363       0x33 ..\obj\stm32f10x_spi.o
 .ARM.attributes
                0x00000396       0x33 ..\obj\QAPRSBase.o
 .ARM.attributes
                0x000003c9       0x1d c:/program files (x86)/gnu tools arm embedded/5.4 2016q3/bin/../lib/gcc/arm-none-eabi/5.4.1/armv7-m\libgcc.a(_arm_addsubdf3.o)
 .ARM.attributes
                0x000003e6       0x1d c:/program files (x86)/gnu tools arm embedded/5.4 2016q3/bin/../lib/gcc/arm-none-eabi/5.4.1/armv7-m\libgcc.a(_arm_muldivdf3.o)
 .ARM.attributes
                0x00000403       0x1d c:/program files (x86)/gnu tools arm embedded/5.4 2016q3/bin/../lib/gcc/arm-none-eabi/5.4.1/armv7-m\libgcc.a(_arm_fixdfsi.o)
 .ARM.attributes
                0x00000420       0x1d c:/program files (x86)/gnu tools arm embedded/5.4 2016q3/bin/../lib/gcc/arm-none-eabi/5.4.1/armv7-m\libgcc.a(_arm_addsubsf3.o)
 .ARM.attributes
                0x0000043d       0x1d c:/program files (x86)/gnu tools arm embedded/5.4 2016q3/bin/../lib/gcc/arm-none-eabi/5.4.1/armv7-m\libgcc.a(_arm_muldivsf3.o)
 .ARM.attributes
                0x0000045a       0x1d c:/program files (x86)/gnu tools arm embedded/5.4 2016q3/bin/../lib/gcc/arm-none-eabi/5.4.1/armv7-m\libgcc.a(_arm_cmpsf2.o)
 .ARM.attributes
                0x00000477       0x1d c:/program files (x86)/gnu tools arm embedded/5.4 2016q3/bin/../lib/gcc/arm-none-eabi/5.4.1/armv7-m\libgcc.a(_arm_fixunssfsi.o)
 .ARM.attributes
                0x00000494       0x2d c:/program files (x86)/gnu tools arm embedded/5.4 2016q3/bin/../lib/gcc/arm-none-eabi/5.4.1/../../../../arm-none-eabi/lib/armv7-m\libg_nano.a(lib_a-memcpy-stub.o)
 .ARM.attributes
                0x000004c1       0x2d c:/program files (x86)/gnu tools arm embedded/5.4 2016q3/bin/../lib/gcc/arm-none-eabi/5.4.1/../../../../arm-none-eabi/lib/armv7-m\libg_nano.a(lib_a-memset.o)
 .ARM.attributes
                0x000004ee       0x2d c:/program files (x86)/gnu tools arm embedded/5.4 2016q3/bin/../lib/gcc/arm-none-eabi/5.4.1/../../../../arm-none-eabi/lib/armv7-m\libg_nano.a(lib_a-sprintf.o)
 .ARM.attributes
                0x0000051b       0x2d c:/program files (x86)/gnu tools arm embedded/5.4 2016q3/bin/../lib/gcc/arm-none-eabi/5.4.1/../../../../arm-none-eabi/lib/armv7-m\libg_nano.a(lib_a-strcpy.o)
 .ARM.attributes
                0x00000548       0x17 c:/program files (x86)/gnu tools arm embedded/5.4 2016q3/bin/../lib/gcc/arm-none-eabi/5.4.1/../../../../arm-none-eabi/lib/armv7-m\libg_nano.a(lib_a-strlen.o)
 .ARM.attributes
                0x0000055f       0x2d c:/program files (x86)/gnu tools arm embedded/5.4 2016q3/bin/../lib/gcc/arm-none-eabi/5.4.1/../../../../arm-none-eabi/lib/armv7-m\libg_nano.a(lib_a-strncpy.o)
 .ARM.attributes
                0x0000058c       0x2d c:/program files (x86)/gnu tools arm embedded/5.4 2016q3/bin/../lib/gcc/arm-none-eabi/5.4.1/../../../../arm-none-eabi/lib/armv7-m\libg_nano.a(lib_a-impure.o)
 .ARM.attributes
                0x000005b9       0x2d c:/program files (x86)/gnu tools arm embedded/5.4 2016q3/bin/../lib/gcc/arm-none-eabi/5.4.1/../../../../arm-none-eabi/lib/armv7-m\libg_nano.a(lib_a-nano-svfprintf.o)
 .ARM.attributes
                0x000005e6       0x2d c:/program files (x86)/gnu tools arm embedded/5.4 2016q3/bin/../lib/gcc/arm-none-eabi/5.4.1/../../../../arm-none-eabi/lib/armv7-m\libg_nano.a(lib_a-nano-vfprintf_i.o)
 .ARM.attributes
                0x00000613       0x2d c:/program files (x86)/gnu tools arm embedded/5.4 2016q3/bin/../lib/gcc/arm-none-eabi/5.4.1/../../../../arm-none-eabi/lib/armv7-m\libg_nano.a(lib_a-memchr-stub.o)
 .ARM.attributes
                0x00000640       0x2d c:/program files (x86)/gnu tools arm embedded/5.4 2016q3/bin/../lib/gcc/arm-none-eabi/5.4.1/../../../../arm-none-eabi/lib/armv7-m\libg_nano.a(lib_a-memmove.o)
 .ARM.attributes
                0x0000066d       0x2d c:/program files (x86)/gnu tools arm embedded/5.4 2016q3/bin/../lib/gcc/arm-none-eabi/5.4.1/../../../../arm-none-eabi/lib/armv7-m\libg_nano.a(lib_a-nano-freer.o)
 .ARM.attributes
                0x0000069a       0x2d c:/program files (x86)/gnu tools arm embedded/5.4 2016q3/bin/../lib/gcc/arm-none-eabi/5.4.1/../../../../arm-none-eabi/lib/armv7-m\libg_nano.a(lib_a-nano-mallocr.o)
 .ARM.attributes
                0x000006c7       0x2d c:/program files (x86)/gnu tools arm embedded/5.4 2016q3/bin/../lib/gcc/arm-none-eabi/5.4.1/../../../../arm-none-eabi/lib/armv7-m\libg_nano.a(lib_a-nano-reallocr.o)
 .ARM.attributes
                0x000006f4       0x2d c:/program files (x86)/gnu tools arm embedded/5.4 2016q3/bin/../lib/gcc/arm-none-eabi/5.4.1/../../../../arm-none-eabi/lib/armv7-m\libg_nano.a(lib_a-sbrkr.o)
 .ARM.attributes
                0x00000721       0x2d c:/program files (x86)/gnu tools arm embedded/5.4 2016q3/bin/../lib/gcc/arm-none-eabi/5.4.1/../../../../arm-none-eabi/lib/armv7-m\libg_nano.a(lib_a-mlock.o)
 .ARM.attributes
                0x0000074e       0x2d c:/program files (x86)/gnu tools arm embedded/5.4 2016q3/bin/../lib/gcc/arm-none-eabi/5.4.1/../../../../arm-none-eabi/lib/armv7-m\libg_nano.a(lib_a-nano-msizer.o)
 .ARM.attributes
                0x0000077b       0x2d c:/program files (x86)/gnu tools arm embedded/5.4 2016q3/bin/../lib/gcc/arm-none-eabi/5.4.1/../../../../arm-none-eabi/lib/armv7-m\libg_nano.a(lib_a-reent.o)

.debug_frame    0x00000000     0x23ec
 .debug_frame   0x00000000       0x88 ..\obj\delay.o
 .debug_frame   0x00000088      0x738 ..\obj\stm32f10x_tim.o
 .debug_frame   0x000007c0       0x3c ..\obj\startup_stm32f10x_md_vl.o
 .debug_frame   0x000007fc      0x1b0 ..\obj\stm32f10x_gpio.o
 .debug_frame   0x000009ac       0xc8 ..\obj\main.o
 .debug_frame   0x00000a74      0x118 ..\obj\ublox.o
 .debug_frame   0x00000b8c      0x120 ..\obj\init.o
 .debug_frame   0x00000cac       0xf4 ..\obj\aprs.o
 .debug_frame   0x00000da0      0x240 ..\obj\stm32f10x_rcc.o
 .debug_frame   0x00000fe0       0xd0 ..\obj\radio.o
 .debug_frame   0x000010b0      0x2c0 ..\obj\stm32f10x_adc.o
 .debug_frame   0x00001370      0x258 ..\obj\stm32f10x_usart.o
 .debug_frame   0x000015c8       0x48 ..\obj\f_rtty.o
 .debug_frame   0x00001610       0xa0 ..\obj\syscalls.o
 .debug_frame   0x000016b0      0x300 ..\obj\stm32f10x_flash.o
 .debug_frame   0x000019b0       0xd0 ..\obj\stm32f10x_dma.o
 .debug_frame   0x00001a80       0x6c ..\obj\misc.o
 .debug_frame   0x00001aec      0x1cc ..\obj\stm32f10x_spi.o
 .debug_frame   0x00001cb8      0x37c ..\obj\QAPRSBase.o
 .debug_frame   0x00002034       0x28 c:/program files (x86)/gnu tools arm embedded/5.4 2016q3/bin/../lib/gcc/arm-none-eabi/5.4.1/../../../../arm-none-eabi/lib/armv7-m\libg_nano.a(lib_a-memcpy-stub.o)
 .debug_frame   0x0000205c       0x20 c:/program files (x86)/gnu tools arm embedded/5.4 2016q3/bin/../lib/gcc/arm-none-eabi/5.4.1/../../../../arm-none-eabi/lib/armv7-m\libg_nano.a(lib_a-memset.o)
 .debug_frame   0x0000207c       0x70 c:/program files (x86)/gnu tools arm embedded/5.4 2016q3/bin/../lib/gcc/arm-none-eabi/5.4.1/../../../../arm-none-eabi/lib/armv7-m\libg_nano.a(lib_a-sprintf.o)
 .debug_frame   0x000020ec       0x20 c:/program files (x86)/gnu tools arm embedded/5.4 2016q3/bin/../lib/gcc/arm-none-eabi/5.4.1/../../../../arm-none-eabi/lib/armv7-m\libg_nano.a(lib_a-strcpy.o)
 .debug_frame   0x0000210c       0x28 c:/program files (x86)/gnu tools arm embedded/5.4 2016q3/bin/../lib/gcc/arm-none-eabi/5.4.1/../../../../arm-none-eabi/lib/armv7-m\libg_nano.a(lib_a-strncpy.o)
 .debug_frame   0x00002134       0x90 c:/program files (x86)/gnu tools arm embedded/5.4 2016q3/bin/../lib/gcc/arm-none-eabi/5.4.1/../../../../arm-none-eabi/lib/armv7-m\libg_nano.a(lib_a-nano-svfprintf.o)
 .debug_frame   0x000021c4       0x60 c:/program files (x86)/gnu tools arm embedded/5.4 2016q3/bin/../lib/gcc/arm-none-eabi/5.4.1/../../../../arm-none-eabi/lib/armv7-m\libg_nano.a(lib_a-nano-vfprintf_i.o)
 .debug_frame   0x00002224       0x28 c:/program files (x86)/gnu tools arm embedded/5.4 2016q3/bin/../lib/gcc/arm-none-eabi/5.4.1/../../../../arm-none-eabi/lib/armv7-m\libg_nano.a(lib_a-memchr-stub.o)
 .debug_frame   0x0000224c       0x28 c:/program files (x86)/gnu tools arm embedded/5.4 2016q3/bin/../lib/gcc/arm-none-eabi/5.4.1/../../../../arm-none-eabi/lib/armv7-m\libg_nano.a(lib_a-memmove.o)
 .debug_frame   0x00002274       0x38 c:/program files (x86)/gnu tools arm embedded/5.4 2016q3/bin/../lib/gcc/arm-none-eabi/5.4.1/../../../../arm-none-eabi/lib/armv7-m\libg_nano.a(lib_a-nano-freer.o)
 .debug_frame   0x000022ac       0x2c c:/program files (x86)/gnu tools arm embedded/5.4 2016q3/bin/../lib/gcc/arm-none-eabi/5.4.1/../../../../arm-none-eabi/lib/armv7-m\libg_nano.a(lib_a-nano-mallocr.o)
 .debug_frame   0x000022d8       0x3c c:/program files (x86)/gnu tools arm embedded/5.4 2016q3/bin/../lib/gcc/arm-none-eabi/5.4.1/../../../../arm-none-eabi/lib/armv7-m\libg_nano.a(lib_a-nano-reallocr.o)
 .debug_frame   0x00002314       0x2c c:/program files (x86)/gnu tools arm embedded/5.4 2016q3/bin/../lib/gcc/arm-none-eabi/5.4.1/../../../../arm-none-eabi/lib/armv7-m\libg_nano.a(lib_a-sbrkr.o)
 .debug_frame   0x00002340       0x30 c:/program files (x86)/gnu tools arm embedded/5.4 2016q3/bin/../lib/gcc/arm-none-eabi/5.4.1/../../../../arm-none-eabi/lib/armv7-m\libg_nano.a(lib_a-mlock.o)
 .debug_frame   0x00002370       0x20 c:/program files (x86)/gnu tools arm embedded/5.4 2016q3/bin/../lib/gcc/arm-none-eabi/5.4.1/../../../../arm-none-eabi/lib/armv7-m\libg_nano.a(lib_a-nano-msizer.o)
 .debug_frame   0x00002390       0x5c c:/program files (x86)/gnu tools arm embedded/5.4 2016q3/bin/../lib/gcc/arm-none-eabi/5.4.1/../../../../arm-none-eabi/lib/armv7-m\libg_nano.a(lib_a-reent.o)
